Copyright 1986-2022 Xilinx, Inc. All Rights Reserved. Copyright 2022-2025 Advanced Micro Devices, Inc. All Rights Reserved.
---------------------------------------------------------------------------------------------------------------------------------------------
| Tool Version : Vivado v.2025.2 (win64) Build 6299465 Fri Nov 14 19:35:11 GMT 2025
| Date         : Sat Sep 12 19:12:33 2026
| Host         : Lap running 64-bit major release  (build 9200)
| Command      : report_timing_summary -file timing.rpt
| Design       : rv32i_core
| Device       : 7a100t-csg324
| Speed File   : -1  PRODUCTION 1.23 2018-06-13
| Design State : Synthesized
---------------------------------------------------------------------------------------------------------------------------------------------

Timing Summary Report

------------------------------------------------------------------------------------------------
| Timer Settings
| --------------
------------------------------------------------------------------------------------------------

  Enable Multi Corner Analysis               :  Yes
  Enable Pessimism Removal                   :  Yes
  Pessimism Removal Resolution               :  Nearest Common Node
  Enable Input Delay Default Clock           :  No
  Enable Preset / Clear Arcs                 :  No
  Disable Flight Delays                      :  No
  Ignore I/O Paths                           :  No
  Timing Early Launch at Borrowing Latches   :  No
  Borrow Time for Max Delay Exceptions       :  Yes
  Merge Timing Exceptions                    :  Yes
  Inter-SLR Compensation                     :  Conservative

  Corner  Analyze    Analyze    
  Name    Max Paths  Min Paths  
  ------  ---------  ---------  
  Slow    Yes        Yes        
  Fast    Yes        Yes        


------------------------------------------------------------------------------------------------
| Report Methodology
| ------------------
------------------------------------------------------------------------------------------------

No report available as report_methodology has not been run prior. Run report_methodology on the current design for the summary of methodology violations.



check_timing report

Table of Contents
-----------------
1. checking no_clock (0)
2. checking constant_clock (0)
3. checking pulse_width_clock (0)
4. checking unconstrained_internal_endpoints (0)
5. checking no_input_delay (65)
6. checking no_output_delay (101)
7. checking multiple_clock (0)
8. checking generated_clocks (0)
9. checking loops (0)
10. checking partial_input_delay (0)
11. checking partial_output_delay (0)
12. checking latch_loops (0)

1. checking no_clock (0)
------------------------
 There are 0 register/latch pins with no clock.


2. checking constant_clock (0)
------------------------------
 There are 0 register/latch pins with constant_clock.


3. checking pulse_width_clock (0)
---------------------------------
 There are 0 register/latch pins which need pulse_width check


4. checking unconstrained_internal_endpoints (0)
------------------------------------------------
 There are 0 pins that are not constrained for maximum delay.

 There are 0 pins that are not constrained for maximum delay due to constant clock.


5. checking no_input_delay (65)
-------------------------------
 There are 65 input ports with no input delay specified. (HIGH)

 There are 0 input ports with no input delay but user has a false path constraint.


6. checking no_output_delay (101)
---------------------------------
 There are 101 ports with no output delay specified. (HIGH)

 There are 0 ports with no output delay but user has a false path constraint

 There are 0 ports with no output delay but with a timing clock defined on it or propagating through it


7. checking multiple_clock (0)
------------------------------
 There are 0 register/latch pins with multiple clocks.


8. checking generated_clocks (0)
--------------------------------
 There are 0 generated clocks that are not connected to a clock source.


9. checking loops (0)
---------------------
 There are 0 combinational loops in the design.


10. checking partial_input_delay (0)
------------------------------------
 There are 0 input ports with partial input delay specified.


11. checking partial_output_delay (0)
-------------------------------------
 There are 0 ports with partial output delay specified.


12. checking latch_loops (0)
----------------------------
 There are 0 combinational latch loops in the design through latch input



------------------------------------------------------------------------------------------------
| Design Timing Summary
| ---------------------
------------------------------------------------------------------------------------------------

    WNS(ns)      TNS(ns)  TNS Failing Endpoints  TNS Total Endpoints      WHS(ns)      THS(ns)  THS Failing Endpoints  THS Total Endpoints     WPWS(ns)     TPWS(ns)  TPWS Failing Endpoints  TPWS Total Endpoints  
    -------      -------  ---------------------  -------------------      -------      -------  ---------------------  -------------------     --------     --------  ----------------------  --------------------  
     -4.408     -119.213                     33                 1635        0.238        0.000                      0                 1635        1.497        0.000                       0                   692  


Timing constraints are not met.


------------------------------------------------------------------------------------------------
| Clock Summary
| -------------
------------------------------------------------------------------------------------------------

Clock  Waveform(ns)         Period(ns)      Frequency(MHz)
-----  ------------         ----------      --------------
clk    {0.000 2.747}        5.494           182.017         


------------------------------------------------------------------------------------------------
| Intra Clock Table
| -----------------
------------------------------------------------------------------------------------------------

Clock             WNS(ns)      TNS(ns)  TNS Failing Endpoints  TNS Total Endpoints      WHS(ns)      THS(ns)  THS Failing Endpoints  THS Total Endpoints     WPWS(ns)     TPWS(ns)  TPWS Failing Endpoints  TPWS Total Endpoints  
-----             -------      -------  ---------------------  -------------------      -------      -------  ---------------------  -------------------     --------     --------  ----------------------  --------------------  
clk                -4.408     -119.213                     33                 1635        0.238        0.000                      0                 1635        1.497        0.000                       0                   692  


------------------------------------------------------------------------------------------------
| Inter Clock Table
| -----------------
------------------------------------------------------------------------------------------------

From Clock    To Clock          WNS(ns)      TNS(ns)  TNS Failing Endpoints  TNS Total Endpoints      WHS(ns)      THS(ns)  THS Failing Endpoints  THS Total Endpoints  
----------    --------          -------      -------  ---------------------  -------------------      -------      -------  ---------------------  -------------------  


------------------------------------------------------------------------------------------------
| Other Path Groups Table
| -----------------------
------------------------------------------------------------------------------------------------

Path Group    From Clock    To Clock          WNS(ns)      TNS(ns)  TNS Failing Endpoints  TNS Total Endpoints      WHS(ns)      THS(ns)  THS Failing Endpoints  THS Total Endpoints  
----------    ----------    --------          -------      -------  ---------------------  -------------------      -------      -------  ---------------------  -------------------  


------------------------------------------------------------------------------------------------
| Timing Details
| --------------
------------------------------------------------------------------------------------------------


---------------------------------------------------------------------------------------------------
From Clock:  clk
  To Clock:  clk

Setup :           33  Failing Endpoints,  Worst Slack       -4.408ns,  Total Violation     -119.213ns
Hold  :            0  Failing Endpoints,  Worst Slack        0.238ns,  Total Violation        0.000ns
PW    :            0  Failing Endpoints,  Worst Slack        1.497ns,  Total Violation        0.000ns
---------------------------------------------------------------------------------------------------


Max Delay Paths
--------------------------------------------------------------------------------------
Slack (VIOLATED) :        -4.408ns  (required time - arrival time)
  Source:                 EX_MEM/rd_addr_out_reg[4]/C
                            (rising edge-triggered cell FDRE clocked by clk  {rise@0.000ns fall@2.747ns period=5.494ns})
  Destination:            EX_MEM/alu_result_out_reg[1]/D
                            (rising edge-triggered cell FDRE clocked by clk  {rise@0.000ns fall@2.747ns period=5.494ns})
  Path Group:             clk
  Path Type:              Setup (Max at Slow Process Corner)
  Requirement:            5.494ns  (clk rise@5.494ns - clk rise@0.000ns)
  Data Path Delay:        9.862ns  (logic 3.574ns (36.241%)  route 6.288ns (63.759%))
  Logic Levels:           8  (DSP48E1=1 LUT4=1 LUT6=6)
  Clock Path Skew:        -0.049ns (DCD - SCD + CPR)
    Destination Clock Delay (DCD):    0.924ns = ( 6.418 - 5.494 ) 
    Source Clock Delay      (SCD):    0.973ns
    Clock Pessimism Removal (CPR):    0.000ns
  Clock Uncertainty:      0.035ns  ((TSJ^2 + TIJ^2)^1/2 + DJ) / 2 + PE
    Total System Jitter     (TSJ):    0.071ns
    Total Input Jitter      (TIJ):    0.000ns
    Discrete Jitter          (DJ):    0.000ns
    Phase Error              (PE):    0.000ns

    Location             Delay type                Incr(ns)  Path(ns)    Netlist Resource(s)
  -------------------------------------------------------------------    -------------------
                         (clock clk rise edge)        0.000     0.000 r  
                                                      0.000     0.000 r  clk (IN)
                         net (fo=691, unset)          0.973     0.973    EX_MEM/clk
                         FDRE                                         r  EX_MEM/rd_addr_out_reg[4]/C
  -------------------------------------------------------------------    -------------------
                         FDRE (Prop_fdre_C_Q)         0.478     1.451 r  EX_MEM/rd_addr_out_reg[4]/Q
                         net (fo=4, unplaced)         0.989     2.440    EX_MEM/rd_addr_out_reg[4]_2[4]
                         LUT6 (Prop_lut6_I0_O)        0.295     2.735 f  EX_MEM/write_data_out[31]_i_6/O
                         net (fo=3, unplaced)         0.982     3.717    EX_MEM/rd_addr_out_reg[4]_0
                         LUT6 (Prop_lut6_I0_O)        0.124     3.841 f  EX_MEM/write_data_out[31]_i_2/O
                         net (fo=32, unplaced)        1.012     4.853    EX_MEM/write_data_out[31]_i_2_n_0
                         LUT6 (Prop_lut6_I1_O)        0.124     4.977 r  EX_MEM/write_data_out[4]_i_1/O
                         net (fo=29, unplaced)        0.518     5.495    ID_EX/D[4]
                         LUT4 (Prop_lut4_I2_O)        0.124     5.619 r  ID_EX/add_res_i_14/O
                         net (fo=116, unplaced)       0.803     6.422    ALU/op_b[4]
                         DSP48E1 (Prop_dsp48e1_B[4]_P[1])
                                                      2.057     8.479 r  ALU/add_res/P[1]
                         net (fo=1, unplaced)         0.803     9.282    ID_EX/P[1]
                         LUT6 (Prop_lut6_I0_O)        0.124     9.406 r  ID_EX/alu_result_out[1]_i_5/O
                         net (fo=1, unplaced)         0.449     9.855    ID_EX/alu_result_out[1]_i_5_n_0
                         LUT6 (Prop_lut6_I0_O)        0.124     9.979 r  ID_EX/alu_result_out[1]_i_2/O
                         net (fo=1, unplaced)         0.732    10.711    ID_EX/alu_result_out[1]_i_2_n_0
                         LUT6 (Prop_lut6_I0_O)        0.124    10.835 r  ID_EX/alu_result_out[1]_i_1/O
                         net (fo=1, unplaced)         0.000    10.835    EX_MEM/alu_result_out_reg[31]_1[1]
                         FDRE                                         r  EX_MEM/alu_result_out_reg[1]/D
  -------------------------------------------------------------------    -------------------

                         (clock clk rise edge)        5.494     5.494 r  
                                                      0.000     5.494 r  clk (IN)
                         net (fo=691, unset)          0.924     6.418    EX_MEM/clk
                         FDRE                                         r  EX_MEM/alu_result_out_reg[1]/C
                         clock pessimism              0.000     6.418    
                         clock uncertainty           -0.035     6.383    
                         FDRE (Setup_fdre_C_D)        0.044     6.427    EX_MEM/alu_result_out_reg[1]
  -------------------------------------------------------------------
                         required time                          6.427    
                         arrival time                         -10.835    
  -------------------------------------------------------------------
                         slack                                 -4.408    





Min Delay Paths
--------------------------------------------------------------------------------------
Slack (MET) :             0.238ns  (arrival time - required time)
  Source:                 MEM_WB/rd_addr_out_reg[3]/C
                            (rising edge-triggered cell FDRE clocked by clk  {rise@0.000ns fall@2.747ns period=5.494ns})
  Destination:            RF/registers_reg_r1_0_31_0_5/RAMA/WADR3
                            (rising edge-triggered cell RAMD32 clocked by clk  {rise@0.000ns fall@2.747ns period=5.494ns})
  Path Group:             clk
  Path Type:              Hold (Min at Fast Process Corner)
  Requirement:            0.000ns  (clk rise@0.000ns - clk rise@0.000ns)
  Data Path Delay:        0.447ns  (logic 0.147ns (32.908%)  route 0.300ns (67.092%))
  Logic Levels:           0  
  Clock Path Skew:        0.022ns (DCD - SCD - CPR)
    Destination Clock Delay (DCD):    0.432ns
    Source Clock Delay      (SCD):    0.410ns
    Clock Pessimism Removal (CPR):    -0.000ns

    Location             Delay type                Incr(ns)  Path(ns)    Netlist Resource(s)
  -------------------------------------------------------------------    -------------------
                         (clock clk rise edge)        0.000     0.000 r  
                                                      0.000     0.000 r  clk (IN)
                         net (fo=691, unset)          0.410     0.410    MEM_WB/clk
                         FDRE                                         r  MEM_WB/rd_addr_out_reg[3]/C
  -------------------------------------------------------------------    -------------------
                         FDRE (Prop_fdre_C_Q)         0.147     0.557 r  MEM_WB/rd_addr_out_reg[3]/Q
                         net (fo=98, unplaced)        0.300     0.857    RF/registers_reg_r1_0_31_0_5/ADDRD3
                         RAMD32                                       r  RF/registers_reg_r1_0_31_0_5/RAMA/WADR3
  -------------------------------------------------------------------    -------------------

                         (clock clk rise edge)        0.000     0.000 r  
                                                      0.000     0.000 r  clk (IN)
                         net (fo=691, unset)          0.432     0.432    RF/registers_reg_r1_0_31_0_5/WCLK
                         RAMD32                                       r  RF/registers_reg_r1_0_31_0_5/RAMA/CLK
                         clock pessimism              0.000     0.432    
                         RAMD32 (Hold_ramd32_CLK_WADR3)
                                                      0.187     0.619    RF/registers_reg_r1_0_31_0_5/RAMA
  -------------------------------------------------------------------
                         required time                         -0.619    
                         arrival time                           0.857    
  -------------------------------------------------------------------
                         slack                                  0.238    





Pulse Width Checks
--------------------------------------------------------------------------------------
Clock Name:         clk
Waveform(ns):       { 0.000 2.747 }
Period(ns):         5.494
Sources:            { clk }

Check Type        Corner  Lib Pin     Reference Pin  Required(ns)  Actual(ns)  Slack(ns)  Location  Pin
Min Period        n/a     FDRE/C      n/a            1.000         5.494       4.494                EX_MEM/ALUSrc_out_reg/C
Low Pulse Width   Slow    RAMD32/CLK  n/a            1.250         2.747       1.497                RF/registers_reg_r1_0_31_0_5/RAMA/CLK
High Pulse Width  Slow    RAMD32/CLK  n/a            1.250         2.747       1.497                RF/registers_reg_r1_0_31_0_5/RAMA/CLK



