Copyright 1986-2022 Xilinx, Inc. All Rights Reserved. Copyright 2022-2025 Advanced Micro Devices, Inc. All Rights Reserved.
---------------------------------------------------------------------------------------------------------------------------------------------
| Tool Version : Vivado v.2025.2 (win64) Build 6299465 Fri Nov 14 19:35:11 GMT 2025
| Date         : Sun Sep 13 02:21:40 2026
| Host         : Lap running 64-bit major release  (build 9200)
| Command      : report_timing_summary -file timing_impl.rpt
| Design       : rv32i_core
| Device       : 7a100t-csg324
| Speed File   : -1  PRODUCTION 1.23 2018-06-13
| Design State : Routed
---------------------------------------------------------------------------------------------------------------------------------------------

Timing Summary Report

------------------------------------------------------------------------------------------------
| Timer Settings
| --------------
------------------------------------------------------------------------------------------------

  Enable Multi Corner Analysis               :  Yes
  Enable Pessimism Removal                   :  Yes
  Pessimism Removal Resolution               :  Nearest Common Node
  Enable Input Delay Default Clock           :  No
  Enable Preset / Clear Arcs                 :  No
  Disable Flight Delays                      :  No
  Ignore I/O Paths                           :  No
  Timing Early Launch at Borrowing Latches   :  No
  Borrow Time for Max Delay Exceptions       :  Yes
  Merge Timing Exceptions                    :  Yes
  Inter-SLR Compensation                     :  Conservative

  Corner  Analyze    Analyze    
  Name    Max Paths  Min Paths  
  ------  ---------  ---------  
  Slow    Yes        Yes        
  Fast    Yes        Yes        


------------------------------------------------------------------------------------------------
| Report Methodology
| ------------------
------------------------------------------------------------------------------------------------

Rule       Severity  Description                    Violations  
---------  --------  -----------------------------  ----------  
TIMING-18  Warning   Missing input or output delay  166         

Note: This report is based on the most recent report_methodology run and may not be up-to-date. Run report_methodology on the current design for the latest report.



check_timing report

Table of Contents
-----------------
1. checking no_clock (0)
2. checking constant_clock (0)
3. checking pulse_width_clock (0)
4. checking unconstrained_internal_endpoints (0)
5. checking no_input_delay (65)
6. checking no_output_delay (101)
7. checking multiple_clock (0)
8. checking generated_clocks (0)
9. checking loops (0)
10. checking partial_input_delay (0)
11. checking partial_output_delay (0)
12. checking latch_loops (0)

1. checking no_clock (0)
------------------------
 There are 0 register/latch pins with no clock.


2. checking constant_clock (0)
------------------------------
 There are 0 register/latch pins with constant_clock.


3. checking pulse_width_clock (0)
---------------------------------
 There are 0 register/latch pins which need pulse_width check


4. checking unconstrained_internal_endpoints (0)
------------------------------------------------
 There are 0 pins that are not constrained for maximum delay.

 There are 0 pins that are not constrained for maximum delay due to constant clock.


5. checking no_input_delay (65)
-------------------------------
 There are 65 input ports with no input delay specified. (HIGH)

 There are 0 input ports with no input delay but user has a false path constraint.


6. checking no_output_delay (101)
---------------------------------
 There are 101 ports with no output delay specified. (HIGH)

 There are 0 ports with no output delay but user has a false path constraint

 There are 0 ports with no output delay but with a timing clock defined on it or propagating through it


7. checking multiple_clock (0)
------------------------------
 There are 0 register/latch pins with multiple clocks.


8. checking generated_clocks (0)
--------------------------------
 There are 0 generated clocks that are not connected to a clock source.


9. checking loops (0)
---------------------
 There are 0 combinational loops in the design.


10. checking partial_input_delay (0)
------------------------------------
 There are 0 input ports with partial input delay specified.


11. checking partial_output_delay (0)
-------------------------------------
 There are 0 ports with partial output delay specified.


12. checking latch_loops (0)
----------------------------
 There are 0 combinational latch loops in the design through latch input



------------------------------------------------------------------------------------------------
| Design Timing Summary
| ---------------------
------------------------------------------------------------------------------------------------

    WNS(ns)      TNS(ns)  TNS Failing Endpoints  TNS Total Endpoints      WHS(ns)      THS(ns)  THS Failing Endpoints  THS Total Endpoints     WPWS(ns)     TPWS(ns)  TPWS Failing Endpoints  TPWS Total Endpoints  
    -------      -------  ---------------------  -------------------      -------      -------  ---------------------  -------------------     --------     --------  ----------------------  --------------------  
      0.119        0.000                      0                 1697        0.051        0.000                      0                 1697        4.250        0.000                       0                   724  


All user specified timing constraints are met.


------------------------------------------------------------------------------------------------
| Clock Summary
| -------------
------------------------------------------------------------------------------------------------

Clock  Waveform(ns)       Period(ns)      Frequency(MHz)
-----  ------------       ----------      --------------
clk    {0.000 5.500}      11.000          90.909          


------------------------------------------------------------------------------------------------
| Intra Clock Table
| -----------------
------------------------------------------------------------------------------------------------

Clock             WNS(ns)      TNS(ns)  TNS Failing Endpoints  TNS Total Endpoints      WHS(ns)      THS(ns)  THS Failing Endpoints  THS Total Endpoints     WPWS(ns)     TPWS(ns)  TPWS Failing Endpoints  TPWS Total Endpoints  
-----             -------      -------  ---------------------  -------------------      -------      -------  ---------------------  -------------------     --------     --------  ----------------------  --------------------  
clk                 0.119        0.000                      0                 1697        0.051        0.000                      0                 1697        4.250        0.000                       0                   724  


------------------------------------------------------------------------------------------------
| Inter Clock Table
| -----------------
------------------------------------------------------------------------------------------------

From Clock    To Clock          WNS(ns)      TNS(ns)  TNS Failing Endpoints  TNS Total Endpoints      WHS(ns)      THS(ns)  THS Failing Endpoints  THS Total Endpoints  
----------    --------          -------      -------  ---------------------  -------------------      -------      -------  ---------------------  -------------------  


------------------------------------------------------------------------------------------------
| Other Path Groups Table
| -----------------------
------------------------------------------------------------------------------------------------

Path Group    From Clock    To Clock          WNS(ns)      TNS(ns)  TNS Failing Endpoints  TNS Total Endpoints      WHS(ns)      THS(ns)  THS Failing Endpoints  THS Total Endpoints  
----------    ----------    --------          -------      -------  ---------------------  -------------------      -------      -------  ---------------------  -------------------  


------------------------------------------------------------------------------------------------
| Timing Details
| --------------
------------------------------------------------------------------------------------------------


---------------------------------------------------------------------------------------------------
From Clock:  clk
  To Clock:  clk

Setup :            0  Failing Endpoints,  Worst Slack        0.119ns,  Total Violation        0.000ns
Hold  :            0  Failing Endpoints,  Worst Slack        0.051ns,  Total Violation        0.000ns
PW    :            0  Failing Endpoints,  Worst Slack        4.250ns,  Total Violation        0.000ns
---------------------------------------------------------------------------------------------------


Max Delay Paths
--------------------------------------------------------------------------------------
Slack (MET) :             0.119ns  (required time - arrival time)
  Source:                 MEM_WB/RegWrite_out_reg/C
                            (rising edge-triggered cell FDRE clocked by clk  {rise@0.000ns fall@5.500ns period=11.000ns})
  Destination:            EX_MEM/alu_result_out_reg[28]_lopt_replica/D
                            (rising edge-triggered cell FDRE clocked by clk  {rise@0.000ns fall@5.500ns period=11.000ns})
  Path Group:             clk
  Path Type:              Setup (Max at Slow Process Corner)
  Requirement:            11.000ns  (clk rise@11.000ns - clk rise@0.000ns)
  Data Path Delay:        10.502ns  (logic 3.406ns (32.433%)  route 7.096ns (67.567%))
  Logic Levels:           16  (CARRY4=6 LUT1=1 LUT2=2 LUT3=1 LUT5=2 LUT6=3 MUXF7=1)
  Clock Path Skew:        -0.286ns (DCD - SCD + CPR)
    Destination Clock Delay (DCD):    4.358ns = ( 15.358 - 11.000 ) 
    Source Clock Delay      (SCD):    4.895ns
    Clock Pessimism Removal (CPR):    0.250ns
  Clock Uncertainty:      0.035ns  ((TSJ^2 + TIJ^2)^1/2 + DJ) / 2 + PE
    Total System Jitter     (TSJ):    0.071ns
    Total Input Jitter      (TIJ):    0.000ns
    Discrete Jitter          (DJ):    0.000ns
    Phase Error              (PE):    0.000ns

    Location             Delay type                Incr(ns)  Path(ns)    Netlist Resource(s)
  -------------------------------------------------------------------    -------------------
                         (clock clk rise edge)        0.000     0.000 r  
    E15                                               0.000     0.000 r  clk (IN)
                         net (fo=0)                   0.000     0.000    clk
    E15                  IBUF (Prop_ibuf_I_O)         0.965     0.965 r  clk_IBUF_inst/O
                         net (fo=1, routed)           2.016     2.980    clk_IBUF
    BUFGCTRL_X0Y16       BUFG (Prop_bufg_I_O)         0.096     3.076 r  clk_IBUF_BUFG_inst/O
                         net (fo=723, routed)         1.818     4.895    MEM_WB/clk_IBUF_BUFG
    SLICE_X10Y39         FDRE                                         r  MEM_WB/RegWrite_out_reg/C
  -------------------------------------------------------------------    -------------------
    SLICE_X10Y39         FDRE (Prop_fdre_C_Q)         0.518     5.413 r  MEM_WB/RegWrite_out_reg/Q
                         net (fo=3, routed)           0.850     6.263    MEM_WB/reg_write_wb
    SLICE_X9Y40          LUT6 (Prop_lut6_I0_O)        0.124     6.387 r  MEM_WB/registers_reg_r1_0_31_0_5_i_1/O
                         net (fo=90, routed)          0.668     7.055    MEM_WB/p_4_in
    SLICE_X9Y40          LUT6 (Prop_lut6_I0_O)        0.124     7.179 r  MEM_WB/write_data_out[31]_i_3/O
                         net (fo=32, routed)          1.304     8.484    EX_MEM/forward_b0__0
    SLICE_X4Y44          LUT5 (Prop_lut5_I0_O)        0.124     8.608 r  EX_MEM/ex_mem_reg_LUT5_103/O
                         net (fo=2, routed)           0.448     9.056    ID_EX/result0_carry__6_i_9_0[8]
    SLICE_X4Y44          LUT3 (Prop_lut3_I2_O)        0.124     9.180 r  ID_EX/cond0_carry_i_10/O
                         net (fo=5, routed)           1.043    10.223    ID_EX/src_b[8]
    SLICE_X11Y41         LUT2 (Prop_lut2_I1_O)        0.124    10.347 r  ID_EX/result0_carry__1_i_16/O
                         net (fo=3, routed)           0.636    10.982    ID_EX/ALU/op_b[8]
    SLICE_X12Y44         LUT2 (Prop_lut2_I1_O)        0.124    11.106 f  ID_EX/id_ex_reg_LUT2_33/O
                         net (fo=4, routed)           0.455    11.562    ID_EX/id_ex_reg_net_195
    SLICE_X11Y44         LUT1 (Prop_lut1_I0_O)        0.124    11.686 r  ID_EX/id_ex_reg_LUT1_108/O
                         net (fo=1, routed)           0.000    11.686    ALU/alu_result_out[8]_i_7_0[0]
    SLICE_X11Y44         CARRY4 (Prop_carry4_S[0]_CO[3])
                                                      0.532    12.218 r  ALU/result0_carry__1/CO[3]
                         net (fo=1, routed)           0.000    12.218    ALU/result0_carry__1_n_0
    SLICE_X11Y45         CARRY4 (Prop_carry4_CI_CO[3])
                                                      0.114    12.332 r  ALU/result0_carry__2/CO[3]
                         net (fo=1, routed)           0.000    12.332    ALU/result0_carry__2_n_0
    SLICE_X11Y46         CARRY4 (Prop_carry4_CI_CO[3])
                                                      0.114    12.446 r  ALU/result0_carry__3/CO[3]
                         net (fo=1, routed)           0.000    12.446    ALU/result0_carry__3_n_0
    SLICE_X11Y47         CARRY4 (Prop_carry4_CI_CO[3])
                                                      0.114    12.560 r  ALU/result0_carry__4/CO[3]
                         net (fo=1, routed)           0.000    12.560    ALU/result0_carry__4_n_0
    SLICE_X11Y48         CARRY4 (Prop_carry4_CI_CO[3])
                                                      0.114    12.674 r  ALU/result0_carry__5/CO[3]
                         net (fo=1, routed)           0.000    12.674    ALU/result0_carry__5_n_0
    SLICE_X11Y49         CARRY4 (Prop_carry4_CI_O[0])
                                                      0.222    12.896 r  ALU/result0_carry__6/O[0]
                         net (fo=1, routed)           0.468    13.364    ID_EX/data0[28]
    SLICE_X16Y49         LUT5 (Prop_lut5_I0_O)        0.299    13.663 r  ID_EX/id_ex_reg_LUT5_72/O
                         net (fo=1, routed)           0.000    13.663    ID_EX/alu_result_out[28]_i_7_n_0
    SLICE_X16Y49         MUXF7 (Prop_muxf7_I0_O)      0.212    13.875 r  ID_EX/alu_result_out_reg[28]_i_5/O
                         net (fo=1, routed)           0.590    14.465    ID_EX/alu_result_out_reg[28]_i_5_n_0
    SLICE_X15Y50         LUT6 (Prop_lut6_I3_O)        0.299    14.764 r  ID_EX/id_ex_reg_LUT6_105/O
                         net (fo=2, routed)           0.632    15.396    EX_MEM/alu_result_out_reg[31]_1[28]
    SLICE_X15Y50         FDRE                                         r  EX_MEM/alu_result_out_reg[28]_lopt_replica/D
  -------------------------------------------------------------------    -------------------

                         (clock clk rise edge)       11.000    11.000 r  
    E15                                               0.000    11.000 r  clk (IN)
                         net (fo=0)                   0.000    11.000    clk
    E15                  IBUF (Prop_ibuf_I_O)         0.831    11.831 r  clk_IBUF_inst/O
                         net (fo=1, routed)           1.911    13.742    clk_IBUF
    BUFGCTRL_X0Y16       BUFG (Prop_bufg_I_O)         0.091    13.833 r  clk_IBUF_BUFG_inst/O
                         net (fo=723, routed)         1.525    15.358    EX_MEM/clk_IBUF_BUFG
    SLICE_X15Y50         FDRE                                         r  EX_MEM/alu_result_out_reg[28]_lopt_replica/C
                         clock pessimism              0.250    15.609    
                         clock uncertainty           -0.035    15.573    
    SLICE_X15Y50         FDRE (Setup_fdre_C_D)       -0.058    15.515    EX_MEM/alu_result_out_reg[28]_lopt_replica
  -------------------------------------------------------------------
                         required time                         15.515    
                         arrival time                         -15.396    
  -------------------------------------------------------------------
                         slack                                  0.119    





Min Delay Paths
--------------------------------------------------------------------------------------
Slack (MET) :             0.051ns  (arrival time - required time)
  Source:                 ID_EX/pc_out_reg[10]/C
                            (rising edge-triggered cell FDRE clocked by clk  {rise@0.000ns fall@5.500ns period=11.000ns})
  Destination:            EX_MEM/pc_plus4_out_reg[10]/D
                            (rising edge-triggered cell FDRE clocked by clk  {rise@0.000ns fall@5.500ns period=11.000ns})
  Path Group:             clk
  Path Type:              Hold (Min at Fast Process Corner)
  Requirement:            0.000ns  (clk rise@0.000ns - clk rise@0.000ns)
  Data Path Delay:        0.494ns  (logic 0.311ns (62.917%)  route 0.183ns (37.083%))
  Logic Levels:           1  (CARRY4=1)
  Clock Path Skew:        0.338ns (DCD - SCD - CPR)
    Destination Clock Delay (DCD):    2.054ns
    Source Clock Delay      (SCD):    1.464ns
    Clock Pessimism Removal (CPR):    0.251ns

    Location             Delay type                Incr(ns)  Path(ns)    Netlist Resource(s)
  -------------------------------------------------------------------    -------------------
                         (clock clk rise edge)        0.000     0.000 r  
    E15                                               0.000     0.000 r  clk (IN)
                         net (fo=0)                   0.000     0.000    clk
    E15                  IBUF (Prop_ibuf_I_O)         0.193     0.193 r  clk_IBUF_inst/O
                         net (fo=1, routed)           0.640     0.834    clk_IBUF
    BUFGCTRL_X0Y16       BUFG (Prop_bufg_I_O)         0.026     0.860 r  clk_IBUF_BUFG_inst/O
                         net (fo=723, routed)         0.605     1.464    ID_EX/clk_IBUF_BUFG
    SLICE_X2Y51          FDRE                                         r  ID_EX/pc_out_reg[10]/C
  -------------------------------------------------------------------    -------------------
    SLICE_X2Y51          FDRE (Prop_fdre_C_Q)         0.148     1.612 r  ID_EX/pc_out_reg[10]/Q
                         net (fo=3, routed)           0.183     1.795    ID_EX/pc_out_reg[30]_0[10]
    SLICE_X3Y47          CARRY4 (Prop_carry4_S[1]_O[1])
                                                      0.163     1.958 r  ID_EX/pc_plus4_out_reg[12]_i_1/O[1]
                         net (fo=1, routed)           0.000     1.958    EX_MEM/pc_plus4_out_reg[31]_1[10]
    SLICE_X3Y47          FDRE                                         r  EX_MEM/pc_plus4_out_reg[10]/D
  -------------------------------------------------------------------    -------------------

                         (clock clk rise edge)        0.000     0.000 r  
    E15                                               0.000     0.000 r  clk (IN)
                         net (fo=0)                   0.000     0.000    clk
    E15                  IBUF (Prop_ibuf_I_O)         0.382     0.382 r  clk_IBUF_inst/O
                         net (fo=1, routed)           0.695     1.077    clk_IBUF
    BUFGCTRL_X0Y16       BUFG (Prop_bufg_I_O)         0.029     1.106 r  clk_IBUF_BUFG_inst/O
                         net (fo=723, routed)         0.948     2.054    EX_MEM/clk_IBUF_BUFG
    SLICE_X3Y47          FDRE                                         r  EX_MEM/pc_plus4_out_reg[10]/C
                         clock pessimism             -0.251     1.802    
    SLICE_X3Y47          FDRE (Hold_fdre_C_D)         0.105     1.907    EX_MEM/pc_plus4_out_reg[10]
  -------------------------------------------------------------------
                         required time                         -1.907    
                         arrival time                           1.958    
  -------------------------------------------------------------------
                         slack                                  0.051    





Pulse Width Checks
--------------------------------------------------------------------------------------
Clock Name:         clk
Waveform(ns):       { 0.000 5.500 }
Period(ns):         11.000
Sources:            { clk }

Check Type        Corner  Lib Pin     Reference Pin  Required(ns)  Actual(ns)  Slack(ns)  Location        Pin
Min Period        n/a     BUFG/I      n/a            2.155         11.000      8.845      BUFGCTRL_X0Y16  clk_IBUF_BUFG_inst/I
Low Pulse Width   Slow    RAMD32/CLK  n/a            1.250         5.500       4.250      SLICE_X6Y39     RF/registers_reg_r1_0_31_0_5/RAMA/CLK
High Pulse Width  Slow    RAMD32/CLK  n/a            1.250         5.500       4.250      SLICE_X6Y39     RF/registers_reg_r1_0_31_0_5/RAMA/CLK



